// Jest Snapshot v1, https://goo.gl/fbAQLP

exports[`Pruebas en PrimeraApp.js Debe de mostrar <PrimeraApp/> correctamente 1`] = `
<Fragment>
  <h1>
     
    Hola, soy Mario
     
  </h1>
  <p>
    Soy un subtitulo
  </p>
</Fragment>
`;
